(ComposeK * * Maybe Maybe,Int)
(ComposeK * * Maybe,Maybe)
(ComposeK * *,Maybe)
