1
2 should fail
Transactional invariant violation
3 should fail
Transactional invariant violation
.

