-----
Doing (5,6) `quotRem` 23
Wanted: (933688542,20)
Got: (933688542,20)
Worked
-----
Doing (2147483648,0) `quotRem` 2147483649
Wanted: (4294967294,2)
Got: (4294967294,2)
Worked
-----
Doing (4213832810,49) `quotRem` 4265016088
Wanted: (4243424581,3582122681)
Got: (4243424581,3582122681)
Worked

