In the programming-language world, one rule of survival is simple: dance or die.
abcabcabcabcabcabcabcabcabcabc
xyzxyzxyzxyzxyzxyzxyzxyzxyzxyz
?@ABCDEFGHIJKLMNOP¢€
