R {i = 10.0, c = 'a'}
R {i = 20.0, c = 'a'}
R {i = 123.0, c = 'b'}
R {i = 1.0, c = 'a'}
1.0
'a'
R {i = 2.0, c = 'b'}
