Bernoulli of 400 is (-63783639210289998710088973624588233946566075008131539459746377225328551512763402330278905606150965942861218654753440979855135225080751599455762303374322801376784474875903535720147084146967619965166480436166324915138652313161158459147438440579563255414402868679468643443725452316589751257887343519347376962412796543353378510329227640325960354800434372777469890448460017461964152127411007649663198873691188302850776549851095445319674329831032713432828366945325817352958745749412125525231627662590308189489017131904402298383855303749523779093820302379681027746367) % 9315635010
