["MAIN.DONT_CARE (<built-in>)"]
["Main.CAF (<entire-module>)","Main.main (cls.hs:(6,1)-(12,9))","Main.main.a (cls.hs:8:7-18)","Main.mkCls (cls.hs:4:1-77)"]
["Main.CAF (<entire-module>)","Main.main (cls.hs:(6,1)-(12,9))","Main.main.a (cls.hs:8:7-18)","Main.mkCls (cls.hs:4:1-77)"]
