["Main.CAF (<entire-module>)","Main.main (stacktrace.hs:(42,1)-(50,36))"]
[]
[]
["MAIN.DONT_CARE (<built-in>)"]
["Main.CAF (<entire-module>)","Main.main (stacktrace.hs:(42,1)-(50,36))"]
["Main.CAF (<entire-module>)","Main.main (stacktrace.hs:(42,1)-(50,36))","Main.someF (stacktrace.hs:30:1-35)","Main.replicateM (stacktrace.hs:33:1-41)"]
["MAIN.DONT_CARE (<built-in>)"]
