["Main.main (thread.hs:(28,1)-(40,30))","Main.main1 (thread.hs:(12,1)-(14,16))","Main.f1 (thread.hs:7:1-18)"]
["Main.main (thread.hs:(28,1)-(40,30))","Main.main2 (thread.hs:(19,1)-(21,16))","Main.someF (thread.hs:17:1-35)"]
